// Jest Snapshot v1, https://goo.gl/fbAQLP

exports[`render correctly render correctly checkBoxCircle view 1`] = `
<View
  accessible={true}
  collapsable={false}
  focusable={false}
  onClick={[Function]}
  onResponderGrant={[Function]}
  onResponderMove={[Function]}
  onResponderRelease={[Function]}
  onResponderTerminate={[Function]}
  onResponderTerminationRequest={[Function]}
  onStartShouldSetResponder={[Function]}
  style={
    Object {
      "alignItems": "center",
      "height": 28.5,
      "justifyContent": "center",
      "opacity": 1,
      "width": 28.5,
    }
  }
>
  <View
    border="#D9DCE6"
    style={
      Array [
        Object {
          "borderColor": "#D9DCE6",
          "borderRadius": 12.5,
          "borderStyle": "solid",
          "borderWidth": 1,
        },
      ]
    }
  >
    <svg
      color="#fff"
      data-file-name="SvgCheckedIcon"
      fill="#fff"
      height={22.5}
      style={
        Array [
          Object {},
        ]
      }
      width={22.5}
    />
  </View>
</View>
`;
