// Jest Snapshot v1, https://goo.gl/fbAQLP

exports[`render correctly render correctly appStatusBar view 1`] = `
<View
  bgColor="#F8F8F9"
  style={
    Array [
      Object {
        "backgroundColor": "#F8F8F9",
        "height": 0,
        "position": "absolute",
        "top": 0,
        "width": "100%",
      },
    ]
  }
/>
`;
